[easiframeusa.com/index.html]
[backblue.gif]
[fade.gif]
[index.html]
[easiframeusa.com/wp-content/uploads/2025/09/Easiframe-Lightbox-Shop-Signage-2-scaled.jpg]
[easiframeusa.com/wp-json/oembed/1.0/embed0ca5.json]
[easiframeusa.com/feed/index.html]
[easiframeusa.com/comments/feed/index.html]
[easiframeusa.com/wp-json/oembed/1.0/embed54c0]
[easiframeusa.com/wp-content/plugins/formcraft3/dist/formcraft-common44d4.css]
[easiframeusa.com/wp-content/plugins/formcraft3/dist/form44d4.css]
[easiframeusa.com/wp-content/themes/hello-elementor/assets/css/resetedb1.css]
[easiframeusa.com/wp-content/themes/hello-elementor/assets/css/themeedb1.css]
[easiframeusa.com/wp-content/themes/hello-elementor/assets/css/header-footeredb1.css]
[easiframeusa.com/wp-content/plugins/elementor/assets/css/frontend.min05da.css]
[easiframeusa.com/wp-content/uploads/elementor/css/post-115744.css]
[easiframeusa.com/wp-content/plugins/elementor/assets/css/widget-image.min05da.css]
[easiframeusa.com/wp-content/plugins/elementor/assets/css/widget-heading.min05da.css]
[easiframeusa.com/wp-content/plugins/elementor-pro/assets/css/widget-nav-menu.min8e60.css]
[easiframeusa.com/wp-content/plugins/elementor/assets/css/widget-icon-list.min05da.css]
[easiframeusa.com/wp-content/plugins/elementor-pro/assets/css/modules/sticky.min8e60.css]
[easiframeusa.com/wp-content/plugins/elementor/assets/lib/animations/styles/fadeIn.min05da.css]
[easiframeusa.com/wp-content/plugins/elementor/assets/lib/animations/styles/fadeInDown.min05da.css]
[easiframeusa.com/wp-content/plugins/elementor-pro/assets/css/modules/motion-fx.min8e60.css]
[easiframeusa.com/wp-content/plugins/elementor/assets/css/widget-video.min05da.css]
[easiframeusa.com/wp-content/plugins/elementor-pro/assets/css/widget-posts.min8e60.css]
[easiframeusa.com/wp-content/plugins/elementor-pro/assets/css/widget-loop-common.min8e60.css]
[easiframeusa.com/wp-content/plugins/elementor-pro/assets/css/widget-loop-grid.min8e60.css]
[easiframeusa.com/wp-content/uploads/elementor/css/post-64af71.css]
[easiframeusa.com/wp-content/uploads/elementor/css/post-46f06a.css]
[easiframeusa.com/wp-content/uploads/elementor/css/post-42f06a.css]
[easiframeusa.com/wp-content/themes/hello-theme-child-master/style001e.css]
[easiframeusa.com/wp-includes/js/jquery/jquery.minf43b.js]
[easiframeusa.com/wp-includes/js/jquery/jquery-migrate.min5589.js]
[easiframeusa.com/wp-json/wp/v2/pages/64.json]
[easiframeusa.com/wp-json/index.html]
[easiframeusa.com/xmlrpc.1d0db0.delayed]
[easiframeusa.com/wp-content/uploads/2025/09/cropped-favicon-32x32.png]
[easiframeusa.com/wp-content/uploads/2025/09/cropped-favicon-192x192.png]
[easiframeusa.com/wp-content/uploads/2025/09/cropped-favicon-180x180.png]
[easiframeusa.com/wp-content/uploads/2025/09/EasiframeUSA_Logo.png]
[easiframeusa.com/wp-content/uploads/easivideo.mp4]
[easiframeusa.com/wp-content/uploads/2025/09/Easiframe-DS-with-supports-Front-view-scaled.jpg]
[easiframeusa.com/products/index.html]
[easiframeusa.com/about/index.html]
[easiframeusa.com/wp-content/uploads/2025/09/easiframe_rain_shoot.jpg]
[easiframeusa.com/wp-content/uploads/2025/09/Easiframe-Deco-Project-4-scaled.jpg]
[easiframeusa.com/frame-products/easiframe-curved/index.html]
[easiframeusa.com/wp-content/uploads/2025/09/St-Ives-shopping-centre-2-1-scaled.jpg]
[easiframeusa.com/frame-products/easiframe-standard/index.html]
[easiframeusa.com/wp-content/uploads/2025/10/lightbox-city-lights-scaled.jpg]
[easiframeusa.com/frame-products/easiframe-picture-frame/index.html]
[easiframeusa.com/wp-content/uploads/2025/11/h_track.jpg]
[easiframeusa.com/wp-content/uploads/2025/11/double_sided.jpg]
[easiframeusa.com/frame-products/easiframe-lightbox/index.html]
[easiframeusa.com/wp-content/uploads/2025/11/cube_extrusion.jpg]
[easiframeusa.com/extrusions/h-track-extrusion/index.html]
[easiframeusa.com/extrusions/double-sided/index.html]
[easiframeusa.com/wp-content/uploads/2025/11/internal_support.jpg]
[easiframeusa.com/wp-content/uploads/2025/11/light_box_double_sided.jpg]
[easiframeusa.com/extrusions/cube-extrusion/index.html]
[easiframeusa.com/wp-content/uploads/2025/09/vid_bg_setupdemo.jpg]
[easiframeusa.com/wp-content/uploads/2025/09/vid_bg_wallgraphics.jpg]
[easiframeusa.com/extrusions/internal-support/index.html]
[easiframeusa.com/wp-content/uploads/2025/09/vid_bg_installsiliconefrabirc.jpg]
[easiframeusa.com/extrusions/lightbox-double-sided/index.html]
[easiframeusa.com/wp-content/uploads/2025/09/jvi_logo.png]
[easiframeusa.com/wp-content/uploads/2025/09/EasiframeUSA_Logo_white-1024x349.png]
[easiframeusa.com/resources/index.html]
[easiframeusa.com/wp-content/uploads/elementor/css/post-36f06a.css]
[easiframeusa.com/wp-content/plugins/elementor-pro/assets/css/conditionals/popup.min8e60.css]
[easiframeusa.com/contact/index.html]
[easiframeusa.com/wp-content/themes/hello-elementor/assets/js/hello-frontendedb1.js]
[easiframeusa.com/wp-content/plugins/elementor/assets/js/webpack.runtime.min05da.js]
[easiframeusa.com/wp-content/plugins/elementor/assets/js/frontend-modules.min05da.js]
[easiframeusa.com/wp-includes/js/jquery/ui/core.minb37e.js]
[easiframeusa.com/wp-content/plugins/elementor/assets/js/frontend.min05da.js]
[easiframeusa.com/wp-content/plugins/elementor-pro/assets/lib/smartmenus/jquery.smartmenus.min1576.js]
[easiframeusa.com/wp-content/plugins/elementor-pro/assets/lib/sticky/jquery.sticky.min8e60.js]
[easiframeusa.com/wp-includes/js/imagesloaded.minbb93.js]
[easiframeusa.com/wp-content/plugins/elementor-pro/assets/js/webpack-pro.runtime.min8e60.js]
[easiframeusa.com/wp-includes/js/dist/hooks.min394d.js]
[easiframeusa.com/wp-includes/js/dist/i18n.mineca5.js]
[easiframeusa.com/wp-content/plugins/elementor-pro/assets/js/frontend.min8e60.js]
[easiframeusa.com/wp-content/plugins/elementor-pro/assets/js/elements-handlers.min8e60.js]
[easiframeusa.com/index.html]
[easiframeusa.com/wp-content/plugins/formcraft3/lib/material-icons/MaterialIcons-Regular.eot]
[easiframeusa.com/wp-content/plugins/formcraft3/lib/material-icons/MaterialIcons-Regular.woff]
[easiframeusa.com/wp-content/plugins/formcraft3/dist/formcraft-common44d4.css]
[easiframeusa.com/wp-content/plugins/formcraft3/dist/form44d4.css]
[easiframeusa.com/wp-content/themes/hello-elementor/assets/css/resetedb1.css]
[easiframeusa.com/wp-content/themes/hello-elementor/assets/css/themeedb1.css]
[easiframeusa.com/wp-content/themes/hello-elementor/assets/css/header-footeredb1.css]
[easiframeusa.com/wp-content/plugins/elementor/assets/css/frontend.min05da.css]
[easiframeusa.com/wp-content/plugins/formcraft3/lib/material-icons/MaterialIcons-Regular.ttf]
[easiframeusa.com/wp-content/uploads/2025/09/URWDINCond-Bold.eot]
[easiframeusa.com/wp-content/uploads/2025/09/URWDINCond-Boldd41d.eot]
[easiframeusa.com/wp-content/uploads/2025/09/URWDINCond-Bold.woff2]
[easiframeusa.com/wp-content/uploads/2025/09/URWDINCond-Bold.woff]
[easiframeusa.com/wp-content/uploads/2025/09/URWDINCond-Bold.ttf]
[easiframeusa.com/wp-content/uploads/2025/09/URWDINCond-XLight.eot]
[easiframeusa.com/wp-content/uploads/2025/09/URWDINCond-XLightd41d.eot]
[easiframeusa.com/wp-content/uploads/2025/09/URWDINSemiCond-XLight.woff2]
[easiframeusa.com/wp-content/uploads/2025/09/URWDIN-XLight.woff]
[easiframeusa.com/wp-content/uploads/elementor/css/post-115744.css]
[easiframeusa.com/wp-content/plugins/elementor/assets/css/widget-image.min05da.css]
[easiframeusa.com/wp-content/plugins/elementor/assets/css/widget-heading.min05da.css]
[easiframeusa.com/wp-content/plugins/elementor-pro/assets/css/widget-nav-menu.min8e60.css]
[easiframeusa.com/wp-content/plugins/elementor/assets/css/widget-icon-list.min05da.css]
[easiframeusa.com/wp-content/plugins/elementor-pro/assets/css/modules/sticky.min8e60.css]
[easiframeusa.com/wp-content/plugins/elementor/assets/lib/animations/styles/fadeIn.min05da.css]
[easiframeusa.com/wp-content/plugins/elementor/assets/lib/animations/styles/fadeInDown.min05da.css]
[easiframeusa.com/wp-content/plugins/elementor-pro/assets/css/modules/motion-fx.min8e60.css]
[easiframeusa.com/wp-content/plugins/elementor/assets/css/widget-video.min05da.css]
[easiframeusa.com/wp-content/plugins/elementor-pro/assets/css/widget-posts.min8e60.css]
[easiframeusa.com/wp-content/plugins/elementor-pro/assets/css/widget-loop-common.min8e60.css]
[easiframeusa.com/wp-content/plugins/elementor-pro/assets/css/widget-loop-grid.min8e60.css]
[easiframeusa.com/wp-content/uploads/2025/09/URWDIN-XLight.ttf]
[easiframeusa.com/wp-content/uploads/2025/09/Dally-M-Award-Production.jpg]
[easiframeusa.com/wp-content/uploads/2025/09/Home.png]
[easiframeusa.com/wp-content/uploads/elementor/css/post-64af71.css]
[easiframeusa.com/wp-content/uploads/elementor/css/post-46f06a.css]
[easiframeusa.com/wp-content/uploads/elementor/css/post-42f06a.css]
[easiframeusa.com/wp-content/themes/hello-theme-child-master/style001e.css]
[easiframeusa.com/xmlrpc0db0.html]
[easiframeusa.com/wp-content/uploads/2025/09/About.jpg]
[easiframeusa.com/wp-json/oembed/1.0/embeda2f5.json]
[easiframeusa.com/wp-json/oembed/1.0/embed56e7]
[easiframeusa.com/wp-content/uploads/elementor/css/post-555ebb7.css]
[easiframeusa.com/wp-content/uploads/2025/09/easiframe_rain_shoot-300x255.jpg]
[easiframeusa.com/wp-json/wp/v2/pages/555.json]
[easiframeusa.com/wp-content/uploads/2025/09/Easiframe-Deco-Project-4-300x225.jpg]
[easiframeusa.com/wp-content/uploads/2025/09/St-Ives-shopping-centre-2-1-300x225.jpg]
[easiframeusa.com/wp-content/uploads/2025/10/lightbox-city-lights-300x225.jpg]
[easiframeusa.com/wp-content/uploads/2025/09/Trade-Mark.png]
[easiframeusa.com/wp-content/uploads/2025/09/Trade-Mark-734x1024.png]
[easiframeusa.com/wp-content/uploads/2025/09/Innovation-Patent.png]
[easiframeusa.com/wp-content/uploads/2025/09/Innovation-Patent-762x1024.png]
[easiframeusa.com/about/index.html]
[easiframeusa.com/wp-content/uploads/2025/09/My-Works.jpg]
[easiframeusa.com/wp-json/oembed/1.0/embed2eea.json]
[easiframeusa.com/wp-json/oembed/1.0/embed6bd2]
[easiframeusa.com/wp-content/uploads/elementor/css/post-55625a.css]
[easiframeusa.com/wp-content/uploads/2025/11/single_sided.jpg]
[easiframeusa.com/wp-json/wp/v2/pages/55.json]
[easiframeusa.com/wp-content/uploads/2025/11/light_box_single_sided.jpg]
[easiframeusa.com/products/index.html]
[easiframeusa.com/wp-json/oembed/1.0/embed78bc.json]
[easiframeusa.com/extrusions/lightbox-single-sided/index.html]
[easiframeusa.com/extrusions/single-sided/index.html]
[easiframeusa.com/wp-json/oembed/1.0/embed84c7]
[easiframeusa.com/wp-includes/css/dist/block-library/style.min8717.css]
[easiframeusa.com/wp-content/plugins/elementor/assets/lib/swiper/v8/css/swiper.min94a4.css]
[easiframeusa.com/wp-content/plugins/elementor/assets/css/conditionals/e-swiper.min05da.css]
[easiframeusa.com/wp-content/plugins/elementor-pro/assets/css/widget-gallery.min8e60.css]
[easiframeusa.com/wp-content/plugins/elementor/assets/lib/e-gallery/css/e-gallery.min7359.css]
[easiframeusa.com/wp-content/plugins/elementor-pro/assets/css/conditionals/transitions.min8e60.css]
[easiframeusa.com/wp-content/uploads/elementor/css/post-65950e9.css]
[easiframeusa.com/wp-content/uploads/2025/09/Easiframe-Curved-Cyclorama-Photography-backdrop-9-scaled.jpg]
[easiframeusa.com/wp-json/wp/v2/frame-products/647.json]
[easiframeusa.com/wp-content/uploads/2025/09/Easiframe-Curved-Cyclorama-Photography-backdrop-12-scaled.jpg]
[easiframeusa.com/wp-content/uploads/2025/09/Easiframe-Curved-Cycloroma-Photography-backdrop-1-scaled.jpg]
[easiframeusa.com/wp-content/uploads/2025/09/Easiframe-Curved-Cyclorama-Photography-backdrop-21-scaled.jpg]
[easiframeusa.com/wp-content/uploads/2025/09/Easiframe-Curved-Cycloroma-Photography-backdrop-6-scaled.jpg]
[easiframeusa.com/wp-content/uploads/2025/09/Easiframe-Curved-Cycloroma-Photography-backdrop-5-scaled.jpg]
[easiframeusa.com/wp-content/uploads/2025/09/Easiframe-Curved-Cyclorama-Photography-backdrop-7-scaled.jpg]
[easiframeusa.com/wp-content/plugins/elementor/assets/lib/swiper/v8/swiper.min94a4.js]
[easiframeusa.com/wp-content/plugins/elementor/assets/lib/e-gallery/js/e-gallery.min7359.js]
[easiframeusa.com/frame-products/easiframe-curved/index.html]
[easiframeusa.com/wp-json/oembed/1.0/embed7d20.json]
[easiframeusa.com/wp-json/oembed/1.0/embed4645]
[easiframeusa.com/wp-content/uploads/2025/09/Easiframe-Deco-Project-5-scaled.jpg]
[easiframeusa.com/wp-json/wp/v2/frame-products/648.json]
[easiframeusa.com/wp-content/uploads/2025/09/Easiframe-Bed-Headboard-2-scaled.jpg]
[easiframeusa.com/wp-content/uploads/2025/09/Easi_Frame_Bedhead_3.jpg]
[easiframeusa.com/wp-content/uploads/2025/09/Easiframe-Freestading-Lightboxd-3-scaled.jpg]
[easiframeusa.com/wp-content/uploads/2025/09/Easiframe-Freestading-Lightboxd-2-scaled.jpg]
[easiframeusa.com/wp-content/uploads/2025/09/Easiframe-Deco-Project-7-scaled.jpg]
[easiframeusa.com/wp-content/uploads/2025/09/Dally-M-Frame.jpg]
[easiframeusa.com/frame-products/easiframe-standard/index.html]
[easiframeusa.com/wp-json/oembed/1.0/embeda8ff.json]
[easiframeusa.com/wp-json/oembed/1.0/embed515f]
[easiframeusa.com/wp-content/uploads/2025/09/Wall-Mount-Easiframe-Car-Dealer-show-room-scaled.jpg]
[easiframeusa.com/wp-json/wp/v2/frame-products/649.json]
[easiframeusa.com/wp-content/uploads/2025/09/Hanging-Easiframe-commercial-signs-1-scaled.jpg]
[easiframeusa.com/wp-content/uploads/2025/09/Wall-Mounted-Easiframe-Office-Fit-out-2-scaled.jpg]
[easiframeusa.com/wp-content/uploads/2025/09/Wall-Mount-Easiframe-Dedding-show-room-5-scaled.jpg]
[easiframeusa.com/wp-content/uploads/2025/09/Easiframe-Deco-Project-1-scaled.jpg]
[easiframeusa.com/wp-content/uploads/2025/09/Wall-Mounted-Easiframe-Office-Fit-out-after-scaled.jpg]
[easiframeusa.com/frame-products/easiframe-picture-frame/index.html]
[easiframeusa.com/wp-json/oembed/1.0/embed7242.json]
[easiframeusa.com/wp-json/oembed/1.0/embedacdd]
[easiframeusa.com/wp-content/uploads/2025/10/lightbox-running-bridge-scaled.jpg]
[easiframeusa.com/wp-json/wp/v2/frame-products/709.json]
[easiframeusa.com/wp-content/uploads/2025/10/easiframe_lightbox_1-scaled.png]
[easiframeusa.com/wp-content/uploads/2025/09/Easiframe-Lightbox-Shop-Signage-1.jpg]
[easiframeusa.com/wp-content/uploads/2025/09/Easiframe-Freestading-Lightboxd-1-scaled.jpg]
[easiframeusa.com/wp-content/uploads/2025/09/Easiframe-Lightbox-Shop-Signage-4-scaled.jpg]
[easiframeusa.com/wp-content/uploads/2025/10/lighbox-hole-opening-scaled.jpg]
[easiframeusa.com/wp-content/uploads/2025/10/Lightbox-stadium.jpg]
[easiframeusa.com/wp-content/uploads/2025/10/lighbox-curved-scaled.jpg]
[easiframeusa.com/wp-content/uploads/2025/10/Lighbox-Retail-with-other-display-scaled.jpg]
[easiframeusa.com/frame-products/easiframe-lightbox/index.html]
[easiframeusa.com/wp-json/oembed/1.0/embed5c04.json]
[easiframeusa.com/wp-json/oembed/1.0/embeda7bc]
[easiframeusa.com/wp-content/plugins/elementor-pro/assets/css/widget-post-info.min8e60.css]
[easiframeusa.com/wp-content/uploads/elementor/css/post-8406a0c.css]
[easiframeusa.com/extrusions/h-track-extrusion/index.html]
[easiframeusa.com/wp-json/wp/v2/extrusions/784.json]
[easiframeusa.com/wp-json/oembed/1.0/embed1e21.json]
[easiframeusa.com/wp-json/oembed/1.0/embed9972]
[easiframeusa.com/extrusions/double-sided/index.html]
[easiframeusa.com/wp-json/wp/v2/extrusions/773.json]
[easiframeusa.com/wp-json/oembed/1.0/embed8333.json]
[easiframeusa.com/wp-json/oembed/1.0/embed1e50]
[easiframeusa.com/extrusions/cube-extrusion/index.html]
[easiframeusa.com/wp-json/wp/v2/extrusions/778.json]
[easiframeusa.com/wp-json/oembed/1.0/embed9bb5.json]
[easiframeusa.com/wp-json/oembed/1.0/embedb4a9]
[easiframeusa.com/extrusions/internal-support/index.html]
[easiframeusa.com/wp-json/wp/v2/extrusions/817.json]
[easiframeusa.com/wp-json/oembed/1.0/embed1221.json]
[easiframeusa.com/wp-json/oembed/1.0/embed125e]
[easiframeusa.com/extrusions/lightbox-double-sided/index.html]
[easiframeusa.com/wp-json/wp/v2/extrusions/781.json]
[easiframeusa.com/wp-json/oembed/1.0/embed4f06.json]
[easiframeusa.com/wp-json/oembed/1.0/embed772b]
[easiframeusa.com/wp-content/uploads/elementor/css/post-59526e.css]
[easiframeusa.com/wp-content/uploads/2025/09/vid_bg_lightboxinstallation.jpg]
[easiframeusa.com/wp-json/wp/v2/pages/59.json]
[easiframeusa.com/wp-content/uploads/2025/09/Free-Standing-EASIFRAME®-04-scaled.jpg]
[easiframeusa.com/wp-content/uploads/2025/09/Irregular-Easiframe-1-scaled.jpg]
[easiframeusa.com/wp-content/uploads/2025/09/Free-Standing-Easiframe-commercial-signs-2.jpg]
[easiframeusa.com/wp-content/uploads/2025/09/Easiframe-Deco-Project-2-scaled.jpg]
[easiframeusa.com/wp-content/uploads/2025/09/Free-Standing-Easiframe-commercial-signs-1-scaled.jpg]
[easiframeusa.com/wp-content/uploads/2025/09/Irregular-Easiframe-4-scaled.jpg]
[easiframeusa.com/wp-content/uploads/2025/09/Wall-Mount-Easiframe-Dedding-show-room-2-scaled.jpg]
[easiframeusa.com/wp-content/uploads/2025/09/Wall-Mounted-Easiframe-Office-Fit-out-1.jpg]
[easiframeusa.com/wp-content/uploads/2025/09/Easiframe-Deco-Project-6-scaled.jpg]
[easiframeusa.com/wp-content/uploads/2025/09/Wall-Mount-Easiframe-Dedding-show-room-1-scaled.jpg]
[easiframeusa.com/wp-content/uploads/2025/09/easiframe_curved_outline.png]
[easiframeusa.com/wp-content/uploads/2025/09/Free-Standing-EASIFRAME®-05-scaled.jpg]
[easiframeusa.com/wp-content/uploads/2025/09/Wall-Mounted-Easiframe-Office-Fit-out-Installing-scaled.jpg]
[easiframeusa.com/wp-content/uploads/2025/09/Wall-Mounted-Easiframe-Office-Fit-out-frame-installation-scaled.jpg]
[easiframeusa.com/wp-content/uploads/2025/09/Wall-Mount-Easiframe-Dedding-show-room-4-scaled.jpg]
[easiframeusa.com/wp-content/uploads/2025/09/Mr-Yawn-Sydney_02.jpg]
[easiframeusa.com/wp-content/uploads/2025/09/Wall-Mounted-Easiframe-Office-Fit-out-B4-scaled.jpg]
[easiframeusa.com/wp-content/uploads/2025/09/Easiframe-Deco-Project-3-scaled.jpg]
[easiframeusa.com/wp-content/uploads/2025/09/main-image-scaled.jpg]
[easiframeusa.com/wp-content/uploads/2025/09/Easiframe-Bed-Headboard-1-scaled.jpg]
[easiframeusa.com/wp-content/uploads/2025/09/Easiframe-lighted-case-4-scaled.jpg]
[easiframeusa.com/wp-content/uploads/2025/09/Wall-Mount-Easiframe-Dedding-show-room-3-scaled.jpg]
[easiframeusa.com/resources/index.html]
[easiframeusa.com/wp-content/uploads/2025/09/Contact-Me.jpg]
[easiframeusa.com/wp-json/oembed/1.0/embed5351.json]
[easiframeusa.com/wp-json/oembed/1.0/embed26aa]
[easiframeusa.com/wp-content/plugins/elementor/assets/css/widget-google_maps.min05da.css]
[easiframeusa.com/wp-content/uploads/elementor/css/post-50d15a.css]
[easiframeusa.com/wp-content/uploads/2025/09/main-image-1024x431.jpg]
[easiframeusa.com/wp-json/wp/v2/pages/50.json]
[easiframeusa.com/wp-content/plugins/formcraft-recaptcha/captcha_form_main8717.css]
[easiframeusa.com/wp-content/plugins/formcraft3/assets/js/src/fc_modal44d4.js]
[easiframeusa.com/wp-content/plugins/formcraft3/assets/js/vendor/tooltip.min8717.js]
[easiframeusa.com/wp-content/plugins/formcraft3/lib/awesomplete.min8717.js]
[easiframeusa.com/wp-includes/js/jquery/ui/mouse.minb37e.js]
[easiframeusa.com/wp-content/plugins/formcraft3/dist/form.min44d4.js]
[easiframeusa.com/wp-content/plugins/formcraft-recaptcha/captcha_form_main8717.js]
[easiframeusa.com/contact/index.html]
[easiframeusa.com/wp-content/uploads/elementor/css/post-36f06a.css]
[easiframeusa.com/wp-content/plugins/elementor-pro/assets/css/conditionals/popup.min8e60.css]
[easiframeusa.com/wp-content/uploads/elementor/css/post-555ebb7.css]
[easiframeusa.com/index960c.html]
[easiframeusa.com/wp-content/uploads/elementor/css/post-55625a.css]
[easiframeusa.com/index8054.html]
[easiframeusa.com/wp-json/oembed/1.0/embed862e.json]
[easiframeusa.com/wp-json/oembed/1.0/embed1a6b]
[easiframeusa.com/extrusions/single-sided/index.html]
[easiframeusa.com/wp-json/wp/v2/extrusions/777.json]
[easiframeusa.com/wp-json/oembed/1.0/embedda7a.json]
[easiframeusa.com/wp-json/oembed/1.0/embed8764]
[easiframeusa.com/extrusions/lightbox-single-sided/index.html]
[easiframeusa.com/wp-includes/css/dist/block-library/style.min8717.css]
[easiframeusa.com/wp-content/plugins/elementor/assets/lib/swiper/v8/css/swiper.min94a4.css]
[easiframeusa.com/wp-content/plugins/elementor/assets/css/conditionals/e-swiper.min05da.css]
[easiframeusa.com/wp-content/plugins/elementor-pro/assets/css/widget-gallery.min8e60.css]
[easiframeusa.com/wp-content/plugins/elementor/assets/lib/e-gallery/css/e-gallery.min7359.css]
[easiframeusa.com/wp-content/plugins/elementor-pro/assets/css/conditionals/transitions.min8e60.css]
[easiframeusa.com/wp-content/uploads/elementor/css/post-65950e9.css]
[easiframeusa.com/index6087.html]
[easiframeusa.com/index0ae0.html]
[easiframeusa.com/index7b0e.html]
[easiframeusa.com/indexc344.html]
[easiframeusa.com/wp-content/plugins/elementor-pro/assets/css/widget-post-info.min8e60.css]
[easiframeusa.com/wp-content/uploads/elementor/css/post-8406a0c.css]
[easiframeusa.com/indexf9ae.html]
[easiframeusa.com/indexb648.html]
[easiframeusa.com/index336f.html]
[easiframeusa.com/indexeba0.html]
[easiframeusa.com/index4aec.html]
[easiframeusa.com/wp-content/uploads/elementor/css/post-59526e.css]
[easiframeusa.com/index1098.html]
[easiframeusa.com/wp-content/plugins/elementor/assets/css/widget-google_maps.min05da.css]
[easiframeusa.com/wp-content/uploads/elementor/css/post-50d15a.css]
[easiframeusa.com/index6aed.html]
[easiframeusa.com/wp-content/plugins/formcraft-recaptcha/captcha_form_main8717.css]
[easiframeusa.com/indexf9b5.html]
[easiframeusa.com/wp-json/wp/v2/extrusions/779.json]
[easiframeusa.com/indexc61a.html]
